/Users/zeanjuul4/Documents/Roblox Horror REPO/tools/build_aero_house.py:302: DeprecationWarning: 'Material.use_nodes' is expected to be removed in Blender 6.0
  mat=bpy.data.materials.new('Aero_'+kind);mat.use_nodes=True
/Users/zeanjuul4/Documents/Roblox Horror REPO/tools/build_aero_house.py:345: DeprecationWarning: 'World.use_nodes' is expected to be removed in Blender 6.0
  world=bpy.data.worlds.new('Aero Daylight');world.use_nodes=True
/Users/zeanjuul4/Documents/Roblox Horror REPO/tools/build_aero_house.py:366: DeprecationWarning: 'Material.use_nodes' is expected to be removed in Blender 6.0
  mat=bpy.data.materials.new('Backdrop');mat.use_nodes=True
INFO Draco is available, use library at /Applications/Blender.app/Contents/Resources/5.2/scripts/addons_core/io_scene_gltf2/libbf_intern_draco_bridge.dylib
INFO MeshOptimizer is available, use library at /Applications/Blender.app/Contents/Resources/5.2/scripts/addons_core/io_scene_gltf2/libbf_intern_meshopt_bridge.dylib
21:15:36 | INFO: Starting glTF 2.0 export
21:15:36 | INFO: Extracting primitive: Aero_Anchor_Entry
21:15:36 | WARNING: More than one shader node tex image used for a texture. The resulting glTF sampler will behave like the first shader node tex image.
21:15:36 | INFO: Primitives created: 1
21:15:36 | INFO: Extracting primitive: Aero_Anchor_RearLeft
21:15:36 | INFO: Primitives created: 1
21:15:36 | INFO: Extracting primitive: Aero_Anchor_RearRight
21:15:36 | INFO: Primitives created: 1
21:15:36 | INFO: Extracting primitive: Aero_AtriumBridgeRail_Glass
21:15:36 | INFO: Primitives created: 1
21:15:36 | INFO: Extracting primitive: Aero_AtriumBridgeRail_Palette
21:15:36 | INFO: Primitives created: 1
21:15:36 | INFO: Extracting primitive: Aero_AtriumRearRail_Glass
21:15:36 | INFO: Primitives created: 1
21:15:36 | INFO: Extracting primitive: Aero_AtriumRearRail_Palette
21:15:36 | INFO: Primitives created: 1
21:15:36 | INFO: Extracting primitive: Aero_BathFront_Palette
21:15:36 | INFO: Primitives created: 1
21:15:36 | INFO: Extracting primitive: Aero_Bathroom_Palette
21:15:36 | INFO: Primitives created: 1
21:15:36 | INFO: Extracting primitive: Aero_BathSideL_Palette
21:15:36 | INFO: Primitives created: 1
21:15:36 | INFO: Extracting primitive: Aero_BathSideR_Palette
21:15:36 | INFO: Primitives created: 1
21:15:36 | INFO: Extracting primitive: Aero_CornerShell_Palette
21:15:36 | INFO: Primitives created: 1
21:15:36 | INFO: Extracting primitive: Aero_Dining_Glow
21:15:36 | WARNING: More than one shader node tex image used for a texture. The resulting glTF sampler will behave like the first shader node tex image.
21:15:36 | INFO: Primitives created: 1
21:15:36 | INFO: Extracting primitive: Aero_Dining_Palette
21:15:36 | INFO: Primitives created: 1
21:15:36 | INFO: Extracting primitive: Aero_EastG_Glass
21:15:36 | INFO: Primitives created: 1
21:15:36 | INFO: Extracting primitive: Aero_EastG_Palette
21:15:36 | INFO: Primitives created: 1
21:15:36 | INFO: Extracting primitive: Aero_EastU_Glass
21:15:36 | INFO: Primitives created: 1
21:15:36 | INFO: Extracting primitive: Aero_EastU_Palette
21:15:36 | INFO: Primitives created: 1
21:15:36 | INFO: Extracting primitive: Aero_Entry_Glass
21:15:36 | INFO: Primitives created: 1
21:15:36 | INFO: Extracting primitive: Aero_Entry_Palette
21:15:36 | INFO: Primitives created: 1
21:15:36 | INFO: Extracting primitive: Aero_EntryUpper_Glass
21:15:36 | INFO: Primitives created: 1
21:15:36 | INFO: Extracting primitive: Aero_EntryUpper_Palette
21:15:36 | INFO: Primitives created: 1
21:15:36 | INFO: Extracting primitive: Aero_FrontLeftG_Glass
21:15:36 | INFO: Primitives created: 1
21:15:36 | INFO: Extracting primitive: Aero_FrontLeftG_Palette
21:15:36 | INFO: Primitives created: 1
21:15:36 | INFO: Extracting primitive: Aero_FrontLeftU_Glass
21:15:36 | INFO: Primitives created: 1
21:15:36 | INFO: Extracting primitive: Aero_FrontLeftU_Palette
21:15:36 | INFO: Primitives created: 1
21:15:36 | INFO: Extracting primitive: Aero_FrontRightG_Glass
21:15:36 | INFO: Primitives created: 1
21:15:36 | INFO: Extracting primitive: Aero_FrontRightG_Palette
21:15:36 | INFO: Primitives created: 1
21:15:36 | INFO: Extracting primitive: Aero_FrontRightU_Glass
21:15:36 | INFO: Primitives created: 1
21:15:36 | INFO: Extracting primitive: Aero_FrontRightU_Palette
21:15:36 | INFO: Primitives created: 1
21:15:36 | INFO: Extracting primitive: Aero_GroundFloor_Palette
21:15:36 | INFO: Primitives created: 1
21:15:36 | INFO: Extracting primitive: Aero_GuestBedroom_Palette
21:15:36 | INFO: Primitives created: 1
21:15:36 | INFO: Extracting primitive: Aero_GuestSide_Palette
21:15:36 | INFO: Primitives created: 1
21:15:36 | INFO: Extracting primitive: Aero_GuestWall_Palette
21:15:36 | INFO: Primitives created: 1
21:15:36 | INFO: Extracting primitive: Aero_Kitchen_Palette
21:15:36 | INFO: Primitives created: 1
21:15:36 | INFO: Extracting primitive: Aero_Lounge_Glow
21:15:36 | INFO: Primitives created: 1
21:15:36 | INFO: Extracting primitive: Aero_Lounge_Palette
21:15:36 | INFO: Primitives created: 1
21:15:36 | INFO: Extracting primitive: Aero_LowerRibbon_Palette
21:15:36 | INFO: Primitives created: 1
21:15:36 | INFO: Extracting primitive: Aero_MasterFront_Palette
21:15:36 | INFO: Primitives created: 1
21:15:36 | INFO: Extracting primitive: Aero_MiddleAccent_Palette
21:15:36 | INFO: Primitives created: 1
21:15:36 | INFO: Extracting primitive: Aero_MiddleRibbon_Palette
21:15:36 | INFO: Primitives created: 1
21:15:36 | INFO: Extracting primitive: Aero_ReadingWall_Palette
21:15:36 | INFO: Primitives created: 1
21:15:36 | INFO: Extracting primitive: Aero_RearG_Glass
21:15:36 | INFO: Primitives created: 1
21:15:36 | INFO: Extracting primitive: Aero_RearG_Palette
21:15:36 | INFO: Primitives created: 1
21:15:36 | INFO: Extracting primitive: Aero_RearU_Glass
21:15:36 | INFO: Primitives created: 1
21:15:36 | INFO: Extracting primitive: Aero_RearU_Palette
21:15:36 | INFO: Primitives created: 1
21:15:36 | INFO: Extracting primitive: Aero_RoofAccent_Palette
21:15:36 | INFO: Primitives created: 1
21:15:36 | INFO: Extracting primitive: Aero_RoofBack_Palette
21:15:36 | INFO: Primitives created: 1
21:15:36 | INFO: Extracting primitive: Aero_RoofFin_Palette
21:15:36 | INFO: Primitives created: 1
21:15:36 | INFO: Extracting primitive: Aero_RoofFront_Palette
21:15:36 | INFO: Primitives created: 1
21:15:36 | INFO: Extracting primitive: Aero_RoofLeft_Palette
21:15:36 | INFO: Primitives created: 1
21:15:36 | INFO: Extracting primitive: Aero_RoofRibbon_Palette
21:15:36 | INFO: Primitives created: 1
21:15:36 | INFO: Extracting primitive: Aero_RoofRight_Palette
21:15:36 | INFO: Primitives created: 1
21:15:36 | INFO: Extracting primitive: Aero_Site_Palette
21:15:36 | INFO: Primitives created: 1
21:15:36 | INFO: Extracting primitive: Aero_Skylight_Glass
21:15:36 | INFO: Primitives created: 1
21:15:36 | INFO: Extracting primitive: Aero_SkylightFrame_Palette
21:15:36 | INFO: Primitives created: 1
21:15:36 | INFO: Extracting primitive: Aero_StairFlightA_Palette
21:15:36 | INFO: Primitives created: 1
21:15:36 | INFO: Extracting primitive: Aero_StairFlightB_Palette
21:15:36 | INFO: Primitives created: 1
21:15:36 | INFO: Extracting primitive: Aero_StairNosingA_Palette
21:15:36 | INFO: Primitives created: 1
21:15:36 | INFO: Extracting primitive: Aero_StairNosingB_Palette
21:15:36 | INFO: Primitives created: 1
21:15:36 | INFO: Extracting primitive: Aero_StairRails_Palette
21:15:36 | INFO: Primitives created: 1
21:15:36 | INFO: Extracting primitive: Aero_StairTurn_Palette
21:15:36 | INFO: Primitives created: 1
21:15:36 | INFO: Extracting primitive: Aero_StairVoidEast_Glass
21:15:36 | INFO: Primitives created: 1
21:15:36 | INFO: Extracting primitive: Aero_StairVoidEast_Palette
21:15:36 | INFO: Primitives created: 1
21:15:36 | INFO: Extracting primitive: Aero_StairVoidRear_Glass
21:15:36 | INFO: Primitives created: 1
21:15:36 | INFO: Extracting primitive: Aero_StairVoidRear_Palette
21:15:36 | INFO: Primitives created: 1
21:15:36 | INFO: Extracting primitive: Aero_Study_Palette
21:15:36 | INFO: Primitives created: 1
21:15:36 | INFO: Extracting primitive: Aero_StudySide_Palette
21:15:36 | INFO: Primitives created: 1
21:15:36 | INFO: Extracting primitive: Aero_StudyWall_Palette
21:15:36 | INFO: Primitives created: 1
21:15:36 | INFO: Extracting primitive: Aero_Terrace_Palette
21:15:36 | INFO: Primitives created: 1
21:15:36 | INFO: Extracting primitive: Aero_TerraceDoorHeader_Palette
21:15:36 | INFO: Primitives created: 1
21:15:36 | INFO: Extracting primitive: Aero_TerraceRail_Glass
21:15:36 | INFO: Primitives created: 1
21:15:36 | INFO: Extracting primitive: Aero_TerraceRail_Palette
21:15:36 | INFO: Primitives created: 1
21:15:36 | INFO: Extracting primitive: Aero_UpperBridge_Palette
21:15:36 | INFO: Primitives created: 1
21:15:36 | INFO: Extracting primitive: Aero_UpperCyanBedroom_Palette
21:15:36 | INFO: Primitives created: 1
21:15:36 | INFO: Extracting primitive: Aero_UpperFloorEast_Palette
21:15:36 | INFO: Primitives created: 1
21:15:36 | INFO: Extracting primitive: Aero_UpperFloorRear_Palette
21:15:36 | INFO: Primitives created: 1
21:15:36 | INFO: Extracting primitive: Aero_UpperGuestFront_Palette
21:15:36 | INFO: Primitives created: 1
21:15:36 | INFO: Extracting primitive: Aero_UpperGuestSide_Palette
21:15:36 | INFO: Primitives created: 1
21:15:36 | INFO: Extracting primitive: Aero_UpperLimeBedroom_Palette
21:15:36 | INFO: Primitives created: 1
21:15:36 | INFO: Extracting primitive: Aero_UpperMasterSide_Palette
21:15:36 | INFO: Primitives created: 1
21:15:36 | INFO: Extracting primitive: Aero_UpperReading_Glow
21:15:36 | INFO: Primitives created: 1
21:15:36 | INFO: Extracting primitive: Aero_UpperReading_Palette
21:15:36 | INFO: Primitives created: 1
21:15:36 | INFO: Extracting primitive: Aero_WestG_Glass
21:15:36 | INFO: Primitives created: 1
21:15:36 | INFO: Extracting primitive: Aero_WestG_Palette
21:15:36 | INFO: Primitives created: 1
21:15:36 | INFO: Extracting primitive: Aero_WestU_Glass
21:15:36 | INFO: Primitives created: 1
21:15:36 | INFO: Extracting primitive: Aero_WestU_Palette
21:15:36 | INFO: Primitives created: 1
21:15:36 | INFO: Finished glTF 2.0 export in 0.7278151512145996 s


FBX export starting... '/Users/zeanjuul4/Documents/Roblox Horror REPO/assets/models/aero-house/AeroHouse.fbx'
export finished in 0.5135 sec.
Info: Saved as "AeroHouse.blend"
AERO_BUILD_RESULT {"meshes": 87, "triangles": 50448, "maxMeshTriangles": 3716, "colliders": 183}
Blender 5.2.0 LTS (hash fbe6228777e7 built 2026-07-14 01:31:22)

Blender quit
