00:04.497  blend            | Read blend: "/Users/zeanjuul4/Documents/Roblox Horror REPO/assets/models/aero-house/AeroHouse.blend"
BlenderMCP addon registered
BlenderMCP addon unregistered
21:32:55 | INFO: Data are loaded, start creating Blender stuff
21:32:55 | INFO: Blender create Mesh node Aero_Anchor_Entry
21:32:55 | INFO: Blender create Mesh node Aero_Anchor_RearLeft
21:32:55 | INFO: Blender create Mesh node Aero_Anchor_RearRight
21:32:55 | INFO: Blender create Mesh node Aero_AtriumBridgeRail_Glass
21:32:55 | INFO: Blender create Mesh node Aero_AtriumBridgeRail_Palette
21:32:55 | INFO: Blender create Mesh node Aero_AtriumRearRail_Glass
21:32:55 | INFO: Blender create Mesh node Aero_AtriumRearRail_Palette
21:32:55 | INFO: Blender create Mesh node Aero_BathFront_Palette
21:32:55 | INFO: Blender create Mesh node Aero_Bathroom_Palette
21:32:55 | INFO: Blender create Mesh node Aero_BathSideL_Palette
21:32:55 | INFO: Blender create Mesh node Aero_BathSideR_Palette
21:32:55 | INFO: Blender create Mesh node Aero_CornerShell_Palette
21:32:55 | INFO: Blender create Mesh node Aero_Dining_Glow
21:32:55 | INFO: Blender create Mesh node Aero_Dining_Palette
21:32:55 | INFO: Blender create Mesh node Aero_EastG_Glass
21:32:55 | INFO: Blender create Mesh node Aero_EastG_Palette
21:32:55 | INFO: Blender create Mesh node Aero_EastU_Glass
21:32:55 | INFO: Blender create Mesh node Aero_EastU_Palette
21:32:55 | INFO: Blender create Mesh node Aero_Entry_Glass
21:32:55 | INFO: Blender create Mesh node Aero_Entry_Palette
21:32:55 | INFO: Blender create Mesh node Aero_EntryUpper_Glass
21:32:55 | INFO: Blender create Mesh node Aero_EntryUpper_Palette
21:32:55 | INFO: Blender create Mesh node Aero_FrontLeftG_Glass
21:32:55 | INFO: Blender create Mesh node Aero_FrontLeftG_Palette
21:32:55 | INFO: Blender create Mesh node Aero_FrontLeftU_Glass
21:32:55 | INFO: Blender create Mesh node Aero_FrontLeftU_Palette
21:32:55 | INFO: Blender create Mesh node Aero_FrontRightG_Glass
21:32:55 | INFO: Blender create Mesh node Aero_FrontRightG_Palette
21:32:55 | INFO: Blender create Mesh node Aero_FrontRightU_Glass
21:32:55 | INFO: Blender create Mesh node Aero_FrontRightU_Palette
21:32:55 | INFO: Blender create Mesh node Aero_GroundFloor_Palette
21:32:55 | INFO: Blender create Mesh node Aero_GuestBedroom_Palette
21:32:55 | INFO: Blender create Mesh node Aero_GuestSide_Palette
21:32:55 | INFO: Blender create Mesh node Aero_GuestWall_Palette
21:32:55 | INFO: Blender create Mesh node Aero_Kitchen_Palette
21:32:55 | INFO: Blender create Mesh node Aero_Lounge_Glow
21:32:55 | INFO: Blender create Mesh node Aero_Lounge_Palette
21:32:55 | INFO: Blender create Mesh node Aero_LowerRibbon_Palette
21:32:55 | INFO: Blender create Mesh node Aero_MasterFront_Palette
21:32:55 | INFO: Blender create Mesh node Aero_MiddleAccent_Palette
21:32:55 | INFO: Blender create Mesh node Aero_MiddleRibbon_Palette
21:32:55 | INFO: Blender create Mesh node Aero_ReadingWall_Palette
21:32:55 | INFO: Blender create Mesh node Aero_RearG_Glass
21:32:55 | INFO: Blender create Mesh node Aero_RearG_Palette
21:32:55 | INFO: Blender create Mesh node Aero_RearU_Glass
21:32:55 | INFO: Blender create Mesh node Aero_RearU_Palette
21:32:55 | INFO: Blender create Mesh node Aero_RoofAccent_Palette
21:32:55 | INFO: Blender create Mesh node Aero_RoofBack_Palette
21:32:55 | INFO: Blender create Mesh node Aero_RoofFin_Palette
21:32:55 | INFO: Blender create Mesh node Aero_RoofFront_Palette
21:32:55 | INFO: Blender create Mesh node Aero_RoofLeft_Palette
21:32:56 | INFO: Blender create Mesh node Aero_RoofRibbon_Palette
21:32:56 | INFO: Blender create Mesh node Aero_RoofRight_Palette
21:32:56 | INFO: Blender create Mesh node Aero_Site_Palette
21:32:56 | INFO: Blender create Mesh node Aero_Skylight_Glass
21:32:56 | INFO: Blender create Mesh node Aero_SkylightFrame_Palette
21:32:56 | INFO: Blender create Mesh node Aero_StairFlightA_Palette
21:32:56 | INFO: Blender create Mesh node Aero_StairFlightB_Palette
21:32:56 | INFO: Blender create Mesh node Aero_StairNosingA_Palette
21:32:56 | INFO: Blender create Mesh node Aero_StairNosingB_Palette
21:32:56 | INFO: Blender create Mesh node Aero_StairRails_Palette
21:32:56 | INFO: Blender create Mesh node Aero_StairTurn_Palette
21:32:56 | INFO: Blender create Mesh node Aero_StairVoidEast_Glass
21:32:56 | INFO: Blender create Mesh node Aero_StairVoidEast_Palette
21:32:56 | INFO: Blender create Mesh node Aero_StairVoidRear_Glass
21:32:56 | INFO: Blender create Mesh node Aero_StairVoidRear_Palette
21:32:56 | INFO: Blender create Mesh node Aero_Study_Palette
21:32:56 | INFO: Blender create Mesh node Aero_StudySide_Palette
21:32:56 | INFO: Blender create Mesh node Aero_StudyWall_Palette
21:32:56 | INFO: Blender create Mesh node Aero_Terrace_Palette
21:32:56 | INFO: Blender create Mesh node Aero_TerraceDoorHeader_Palette
21:32:56 | INFO: Blender create Mesh node Aero_TerraceFurniture_Palette
21:32:56 | INFO: Blender create Mesh node Aero_TerraceRail_Glass
21:32:56 | INFO: Blender create Mesh node Aero_TerraceRail_Palette
21:32:56 | INFO: Blender create Mesh node Aero_UpperBridge_Palette
21:32:56 | INFO: Blender create Mesh node Aero_UpperCyanBedroom_Palette
21:32:56 | INFO: Blender create Mesh node Aero_UpperFloorEast_Palette
21:32:56 | INFO: Blender create Mesh node Aero_UpperFloorRear_Palette
21:32:56 | INFO: Blender create Mesh node Aero_UpperGuestFront_Palette
21:32:56 | INFO: Blender create Mesh node Aero_UpperGuestSide_Palette
21:32:56 | INFO: Blender create Mesh node Aero_UpperLimeBedroom_Palette
21:32:56 | INFO: Blender create Mesh node Aero_UpperMasterSide_Palette
21:32:56 | INFO: Blender create Mesh node Aero_UpperReading_Glow
21:32:56 | INFO: Blender create Mesh node Aero_UpperReading_Palette
21:32:56 | INFO: Blender create Mesh node Aero_WestG_Glass
21:32:56 | INFO: Blender create Mesh node Aero_WestG_Palette
21:32:56 | INFO: Blender create Mesh node Aero_WestU_Glass
21:32:56 | INFO: Blender create Mesh node Aero_WestU_Palette
21:32:56 | INFO: glTF import finished in 0.79s
AERO_VERIFICATION {"report": "/Users/zeanjuul4/Documents/Roblox Horror REPO/assets/models/aero-house/verification.json", "geometry_pass": true, "roundtrip_pass": true, "analytic_collisions_pass": true, "source_errors": [], "failed_routes": []}
Blender 5.2.0 LTS (hash fbe6228777e7 built 2026-07-14 01:31:22)

Blender quit
